
> prodfastxcan-app@0.1.0 build
> next build

  Ôû▓ Next.js 14.2.35
  - Environments: .env.local

   Creating an optimized production build ...
 Ô£ô Compiled successfully
   Skipping linting
   Checking validity of types ...
node.exe : Failed to 
compile.
In riga:1 car:1
+ & "C:\Program 
Files\nodejs/node.exe" 
"C:\Program 
Files\nodejs/node_mo 
...
+ ~~~~~~~~~~~~~~~~~~~~~
~~~~~~~~~~~~~~~~~~~~~~~
~~~~~~~~~~~~~~~~~~~~~~~
~~
    + CategoryInfo     
         : NotSpecifi  
  ed: (Failed to com   
 pile.:String) [],     
RemoteException
    + FullyQualifiedEr 
   rorId : NativeComm  
  andError
 

./src/components/produc
tion-console/JobOrderCa
rd.tsx:2:15
Type error: Duplicate 
identifier 
'ProductionTimeData'.

[0m [90m 1 |[39m 
[36mimport[39m type 
{ [33mOverallStatus[3
9m } [36mfrom[39m [3
2m'@/lib/types'[39m[3
3m;[39m[0m
[0m[31m[1m>[22m[39
m[90m 2 |[39m 
[36mimport[39m type 
{ [33mProductionTimeDa
ta[39m } 
[36mfrom[39m [32m'@/
app/admin/production-co
nsole/actions'[39m[33
m;[39m[0m
[0m [90m   |[39m    
           [31m[1m^[
22m[39m[0m
[0m [90m 3 |[39m 
[36mimport[39m { [33
mCard[39m[33m,[39m 
[33mCardContent[39m[3
3m,[39m [33mCardDescr
iption[39m[33m,[39m 
[33mCardFooter[39m[3
3m,[39m [33mCardHeade
r[39m[33m,[39m 
[33mCardTitle[39m } 
[36mfrom[39m [32m'@/
components/ui/card'[39
m[33m;[39m[0m
[0m [90m 4 |[39m 
[36mimport[39m { 
[33mProgress[39m } 
[36mfrom[39m [32m'@/
components/ui/progress'
[39m[33m;[39m[0m
[0m [90m 5 |[39m 
[36mimport[39m { 
[33mStatusBadge[39m 
} [36mfrom[39m [32m'
@/components/production
-console/StatusBadge'[
39m[33m;[39m[0m
Next.js build worker 
exited with code: 1 
and signal: null
