
> prodfastxcan-app@0.1.0 build
> next build

  Ôû▓ Next.js 14.2.35
  - Environments: .env.local

   Creating an optimized production build ...
node.exe : Failed to 
compile.
In riga:1 car:1
+ & "C:\Program 
Files\nodejs/node.exe" 
"C:\Program 
Files\nodejs/node_mo ...
+ ~~~~~~~~~~~~~~~~~~~~~~~~~
~~~~~~~~~~~~~~~~~~~~~~~~~~~
~~~~~~~~~~~~~~~~~
    + CategoryInfo         
     : NotSpecified: (Fai  
  led to compile.:String   
 ) [], RemoteException
    + FullyQualifiedErrorI 
   d : NativeCommandError
 

./src/components/production
-console/WeekKanbanBoard.ts
x
Module not found: Can't 
resolve '@hello-pangea/dnd'

https://nextjs.org/docs/mes
sages/module-not-found

Import trace for requested 
module:
./src/app/admin/resource-pl
anning/ResourcePlanningClie
ntPage.tsx


> Build failed because of 
webpack errors
