
> prodfastxcan-app@0.1.0 build
> next build

  Ôû▓ Next.js 14.2.35
  - Environments: .env.local

   Creating an optimized production build ...
 Ô£ô Compiled successfully
   Skipping linting
   Checking validity of types ...
node.exe : Failed to compile.
In riga:1 car:1
+ & "C:\Program Files\nodejs/node.exe" 
"C:\Program Files\nodejs/node_mo ...
+ ~~~~~~~~~~~~~~~~~~~~~~~~~~~~~~~~~~~~~~~~~~~~~~~~
~~~~~~~~~~~~~~~~~~~~~
    + CategoryInfo          : NotSpecified: (Fail 
   ed to compile.:String) [], RemoteException
    + FullyQualifiedErrorId : NativeCommandError
 

./src/app/scan-job/page.tsx:805:15
Type error: Type '(data: 
Omit<IndependentMaterialSession, "status" | "id" 
| "startedAt" | "operatorId" | "operatorName">, 
type: string) => void' is not assignable to type 
'(sessionData: Omit<IndependentMaterialSession, 
"status" | "id" | "startedAt" | "operatorId" | 
"operatorName">, type: string) => Promise<any>'.
  Type 'void' is not assignable to type 
'Promise<any>'.

[0m [90m 803 |[39m               
phase[33m=[39m{phaseForMaterialAssociation} [0m
[0m [90m 804 |[39m               
job[33m=[39m{activeJob} [0m
[0m[31m[1m>[22m[39m[90m 805 |[39m          
     onSessionStart[33m=[39m{(data[33m,[39m 
type) [33m=>[39m {[0m
[0m [90m     |[39m               
[31m[1m^[22m[39m[0m
[0m [90m 806 |[39m                 
startSession(data[33m,[39m type)[33m;[39m[0m
[0m [90m 807 |[39m                 setIsMateria
lAssociationDialogOpen([36mfalse[39m)[33m;[39m
[0m
[0m [90m 808 |[39m               }} [0m
Next.js build worker exited with code: 1 and 
signal: null
