src/app/admin/app-settings/actions.ts(8,25): error TS2305: Module '"@/types"' has no exported member 'MaterialWithdrawal'.
src/app/admin/app-settings/page.tsx(27,10): error TS2305: Module '"@/types"' has no exported member 'initialOperators'.
src/app/admin/app-settings/page.tsx(27,28): error TS2305: Module '"@/types"' has no exported member 'initialDepartmentMap'.
src/app/admin/app-settings/page.tsx(27,50): error TS2724: '"@/types"' has no exported member named 'initialWorkPhaseTemplates'. Did you mean 'WorkPhaseTemplate'?
src/app/admin/app-settings/page.tsx(27,77): error TS2305: Module '"@/types"' has no exported member 'initialWorkstations'.
src/app/admin/app-settings/page.tsx(82,34): error TS7006: Parameter 'op' implicitly has an 'any' type.
src/app/admin/app-settings/page.tsx(92,43): error TS7006: Parameter 'phase' implicitly has an 'any' type.
src/app/admin/app-settings/page.tsx(98,37): error TS7006: Parameter 'ws' implicitly has an 'any' type.
src/app/admin/article-management/actions.ts(7,42): error TS2305: Module '"@/types"' has no exported member 'WorkCycle'.
src/app/admin/article-management/ArticleFormDialog.tsx(27,37): error TS2305: Module '"@/types"' has no exported member 'WorkCycle'.
src/app/admin/article-management/ArticleTimesDialog.tsx(19,61): error TS2305: Module '"@/types"' has no exported member 'WorkCycle'.
src/app/admin/attendance-calendar/actions.ts(6,15): error TS2305: Module '"@/types"' has no exported member 'CalendarException'.
src/app/admin/attendance-calendar/page.tsx(47,15): error TS2305: Module '"@/types"' has no exported member 'CalendarException'.
src/app/admin/batch-management/actions.ts(6,46): error TS2305: Module '"@/types"' has no exported member 'MaterialWithdrawal'.
src/app/admin/data-management/actions.ts(6,35): error TS2305: Module '"@/types"' has no exported member 'WorkCycle'.
src/app/admin/data-management/actions.ts(25,34): error TS7006: Parameter 'templateId' implicitly has an 'any' type.
src/app/admin/data-management/actions.ts(25,46): error TS7006: Parameter 'index' implicitly has an 'any' type.
src/app/admin/data-management/actions.ts(35,16): error TS7006: Parameter 'p' implicitly has an 'any' type.
src/app/admin/data-management/DataManagementClientPage.tsx(25,30): error TS2305: Module '"@/types"' has no exported member 'WorkCycle'.
src/app/admin/inventory-management/actions.ts(5,46): error TS2305: Module '"@/types"' has no exported member 'Packaging'.
src/app/admin/inventory-management/actions.ts(5,57): error TS2305: Module '"@/types"' has no exported member 'InventoryRecord'.
src/app/admin/inventory-management/InventoryClientPage.tsx(27,15): error TS2305: Module '"@/types"' has no exported member 'InventoryRecord'.
src/app/admin/inventory-management/InventoryClientPage.tsx(335,77): error TS18046: 'r' is of type 'unknown'.
src/app/admin/inventory-management/InventoryClientPage.tsx(353,128): error TS18046: 'r' is of type 'unknown'.
src/app/admin/inventory-management/InventoryClientPage.tsx(355,83): error TS18046: 'r' is of type 'unknown'.
src/app/admin/inventory-management/InventoryClientPage.tsx(372,53): error TS18046: 'recordsA' is of type 'unknown'.
src/app/admin/inventory-management/InventoryClientPage.tsx(372,67): error TS7006: Parameter 'r' implicitly has an 'any' type.
src/app/admin/inventory-management/InventoryClientPage.tsx(373,53): error TS18046: 'recordsB' is of type 'unknown'.
src/app/admin/inventory-management/InventoryClientPage.tsx(373,67): error TS7006: Parameter 'r' implicitly has an 'any' type.
src/app/admin/inventory-management/InventoryClientPage.tsx(378,59): error TS2488: Type 'unknown' must have a '[Symbol.iterator]()' method that returns an iterator.
src/app/admin/inventory-management/InventoryClientPage.tsx(379,56): error TS18046: 'recordsForMaterial' is of type 'unknown'.
src/app/admin/inventory-management/InventoryClientPage.tsx(382,78): error TS18046: 'recordsForMaterial' is of type 'unknown'.
src/app/admin/inventory-management/InventoryClientPage.tsx(382,102): error TS7006: Parameter 'r' implicitly has an 'any' type.
src/app/admin/inventory-management/InventoryClientPage.tsx(393,46): error TS18046: 'recordsForMaterial' is of type 'unknown'.
src/app/admin/inventory-management/InventoryClientPage.tsx(393,70): error TS7006: Parameter 'r' implicitly has an 'any' type.
src/app/admin/inventory-management/InventoryClientPage.tsx(405,60): error TS18046: 'recordsForMaterial' is of type 'unknown'.
src/app/admin/inventory-management/InventoryClientPage.tsx(405,93): error TS18046: 'recordsForMaterial' is of type 'unknown'.
src/app/admin/inventory-management/InventoryClientPage.tsx(405,118): error TS7006: Parameter 'r' implicitly has an 'any' type.
src/app/admin/inventory-management/InventoryClientPage.tsx(407,71): error TS18046: 'recordsForMaterial' is of type 'unknown'.
src/app/admin/inventory-management/InventoryClientPage.tsx(407,94): error TS7006: Parameter 'r' implicitly has an 'any' type.
src/app/admin/inventory-management/InventoryRecordSheet.tsx(21,15): error TS2305: Module '"@/types"' has no exported member 'InventoryRecord'.
src/app/admin/inventory-management/InventoryRecordSheet.tsx(21,37): error TS2305: Module '"@/types"' has no exported member 'Packaging'.
src/app/admin/material-import/actions.ts(6,46): error TS2305: Module '"@/types"' has no exported member 'Packaging'.
src/app/admin/material-import/MaterialImportClientPage.tsx(26,15): error TS2305: Module '"@/types"' has no exported member 'Packaging'.
src/app/admin/non-conformity-reports/actions.ts(7,15): error TS2305: Module '"@/types"' has no exported member 'NonConformityReport'.
src/app/admin/non-conformity-reports/actions.ts(7,67): error TS2305: Module '"@/types"' has no exported member 'ProductionProblemReport'.
src/app/admin/non-conformity-reports/NonConformityClientPage.tsx(29,15): error TS2305: Module '"@/types"' has no exported member 'NonConformityReport'.
src/app/admin/non-conformity-reports/NonConformityClientPage.tsx(29,36): error TS2305: Module '"@/types"' has no exported member 'ProductionProblemReport'.
src/app/admin/packaging-management/actions.ts(8,15): error TS2305: Module '"@/types"' has no exported member 'Packaging'.
src/app/admin/packaging-management/actions.ts(8,26): error TS2305: Module '"@/types"' has no exported member 'PackagingAssociation'.
src/app/admin/packaging-management/page.tsx(10,15): error TS2305: Module '"@/types"' has no exported member 'Packaging'.
src/app/admin/packaging-management/page.tsx(10,31): error TS2305: Module '"@/types"' has no exported member 'PackagingAssociation'.
src/app/admin/packaging-management/page.tsx(10,53): error TS2724: '"@/types"' has no exported member named 'RawMaterialTypeValues'. Did you mean 'RawMaterialType'?
src/app/admin/packaging-management/page.tsx(178,58): error TS7006: Parameter 'type' implicitly has an 'any' type.
src/app/admin/production-console/actions.ts(10,56): error TS2305: Module '"@/types"' has no exported member 'MaterialWithdrawal'.
src/app/admin/production-console/JobOrderCard.tsx(3,15): error TS2724: '"@/lib/types"' has no exported member named 'OverallStatus'. Did you mean 'getOverallStatus'?
src/app/admin/production-console/WorkGroupCard.tsx(3,15): error TS2724: '"@/lib/types"' has no exported member named 'OverallStatus'. Did you mean 'getOverallStatus'?
src/app/admin/raw-material-management/actions.ts(10,5): error TS2305: Module '"@/types"' has no exported member 'MaterialWithdrawal'.
src/app/admin/raw-material-management/actions.ts(14,5): error TS2305: Module '"@/types"' has no exported member 'ScrapRecord'.
src/app/admin/raw-material-management/actions.ts(17,5): error TS2305: Module '"@/types"' has no exported member 'InventoryRecord'.
src/app/admin/raw-material-management/RawMaterialManagementClientPage.tsx(20,8): error TS2305: Module '"@/types"' has no exported member 'ScrapRecord'.
src/app/admin/reports/actions.ts(5,47): error TS2305: Module '"@/types"' has no exported member 'MaterialWithdrawal'.
src/app/admin/reports/ReportsClientPage.tsx(36,15): error TS2724: '"@/lib/types"' has no exported member named 'OverallStatus'. Did you mean 'getOverallStatus'?
src/app/admin/reports/ReportsClientPage.tsx(598,64): error TS7006: Parameter 'w' implicitly has an 'any' type.
src/app/admin/reports/ReportsClientPage.tsx(658,69): error TS7006: Parameter 'w' implicitly has an 'any' type.
src/app/admin/work-cycle-management/actions.ts(8,15): error TS2305: Module '"@/types"' has no exported member 'WorkCycle'.
src/app/admin/work-cycle-management/page.tsx(11,15): error TS2305: Module '"@/types"' has no exported member 'WorkCycle'.
src/app/admin/work-cycle-management/page.tsx(77,54): error TS7006: Parameter 'id' implicitly has an 'any' type.
src/app/admin/work-group-management/actions.ts(39,115): error TS7006: Parameter 'aj' implicitly has an 'any' type.
src/app/inventory/actions.ts(6,46): error TS2305: Module '"@/types"' has no exported member 'Packaging'.
src/app/inventory/actions.ts(6,57): error TS2305: Module '"@/types"' has no exported member 'InventoryRecord'.
src/app/inventory/page.tsx(24,28): error TS2305: Module '"@/types"' has no exported member 'Packaging'.
src/app/manual-withdrawal/page.tsx(25,28): error TS2305: Module '"@/types"' has no exported member 'ActiveMaterialSessionData'.
src/app/material-loading/actions.ts(6,46): error TS2305: Module '"@/types"' has no exported member 'NonConformityReport'.
src/app/material-loading/actions.ts(6,67): error TS2305: Module '"@/types"' has no exported member 'Packaging'.
src/app/material-loading/page.tsx(27,28): error TS2305: Module '"@/types"' has no exported member 'Packaging'.
src/app/scan-job/actions.ts(7,90): error TS2305: Module '"@/types"' has no exported member 'MaterialWithdrawal'.
src/app/scan-job/actions.ts(7,110): error TS2305: Module '"@/types"' has no exported member 'ActiveMaterialSessionData'.
src/app/scan-job/actions.ts(7,137): error TS2305: Module '"@/types"' has no exported member 'InventoryRecord'.
src/app/scan-job/actions.ts(381,52): error TS7006: Parameter 'j' implicitly has an 'any' type.
src/app/scan-job/actions.ts(382,57): error TS7006: Parameter 'j' implicitly has an 'any' type.
src/app/scan-job/MaterialAssociationDialog.tsx(12,48): error TS2305: Module '"@/types"' has no exported member 'ActiveMaterialSessionData'.
src/app/scan-job/MaterialAssociationDialog.tsx(12,92): error TS2305: Module '"@/types"' has no exported member 'Packaging'.
src/app/scan-job/page.tsx(26,47): error TS2305: Module '"@/types"' has no exported member 'ActiveMaterialSessionData'.
src/components/dashboard/DailyAttendanceModal.tsx(21,25): error TS2305: Module '"@/types"' has no exported member 'CalendarException'.
src/components/operator/ActiveMaterialSessionBar.tsx(10,15): error TS2305: Module '"@/types"' has no exported member 'ActiveMaterialSessionData'.
src/components/operator/ActiveMaterialSessionBar.tsx(165,73): error TS7006: Parameter 'j' implicitly has an 'any' type.
src/components/production-console/actions.ts(10,56): error TS2305: Module '"@/types"' has no exported member 'MaterialWithdrawal'.
src/components/production-console/JobOrderCard.tsx(2,15): error TS2724: '"@/lib/types"' has no exported member named 'OverallStatus'. Did you mean 'getOverallStatus'?
src/components/production-console/StatusBadge.tsx(3,15): error TS2724: '"@/lib/types"' has no exported member named 'OverallStatus'. Did you mean 'getOverallStatus'?
src/components/production-console/WeekKanbanBoard.tsx(2,67): error TS2307: Cannot find module '@hello-pangea/dnd' or its corresponding type declarations.
src/components/production-console/WeekKanbanBoard.tsx(418,11): error TS7006: Parameter 'provided' implicitly has an 'any' type.
src/components/production-console/WeekKanbanBoard.tsx(418,21): error TS7006: Parameter 'snapshot' implicitly has an 'any' type.
src/components/production-console/WeekKanbanBoard.tsx(429,20): error TS7006: Parameter 'provided' implicitly has an 'any' type.
src/components/production-console/WeekKanbanBoard.tsx(429,30): error TS7006: Parameter 'dSnapshot' implicitly has an 'any' type.
src/components/production-console/WorkGroupCard.tsx(4,15): error TS2724: '"@/lib/types"' has no exported member named 'OverallStatus'. Did you mean 'getOverallStatus'?
src/contexts/ActiveMaterialSessionProvider.tsx(5,15): error TS2305: Module '"@/types"' has no exported member 'ActiveMaterialSessionData'.
src/contexts/ActiveMaterialSessionProvider.tsx(65,45): error TS7006: Parameter 'j' implicitly has an 'any' type.
src/lib/gantt-utils.ts(3,25): error TS2305: Module '"@/types"' has no exported member 'WorkCycle'.
